============================================================================
Testsuite summary for GNU Texinfo 6.8
============================================================================
# TOTAL: 85
# PASS:  30
# SKIP:  0
# XFAIL: 0
# FAIL:  55
# XPASS: 0
# ERROR: 0

